// Jest Snapshot v1, https://goo.gl/fbAQLP

exports[`ColorSelector matches a snapshot 1`] = `
Array [
  <label>
    Choose a font color:
    <input
      name="fontColor"
      onChange={[MockFunction]}
      type="color"
      value="blue"
    />
  </label>,
  <label>
    Choose a background color:
    <input
      name="backgroundColor"
      onChange={[MockFunction]}
      type="color"
      value="yellow"
    />
  </label>,
]
`;
